{
  "logs": [
    {
      "logKey": "log 1",
      "logValue": "log 1"
    },
    {
      "logKey": "log 2",
      "logValue": "log 2"
    }
  ]
}